---
source: tools/scanexr/tests/solidity/main.rs
expression: node_text
---
        balances[msg.sender] += msg.value;
                 ^^^^^^^^^^,
        return msg.sender;
               ^^^^^^^^^^,
            return foo(0x0000000000000000000000000000000000000000, msg.sender);
                                                                   ^^^^^^^^^^,
            return ret2(0x0000000000000000000000000000000000000000, msg.sender);
                                                                    ^^^^^^^^^^
